Running Gradle task 'assembleDebug'...                              6.5s
